#
# There is insufficient memory for the Java Runtime Environment to continue.
# Native memory allocation (malloc) failed to allocate 1359968 bytes for Chunk::new
# Possible reasons:
#   The system is out of physical RAM or swap space
#   The process is running with CompressedOops enabled, and the Java Heap may be blocking the growth of the native heap
# Possible solutions:
#   Reduce memory load on the system
#   Increase physical memory or swap space
#   Check if swap backing store is full
#   Decrease Java heap size (-Xmx/-Xms)
#   Decrease number of Java threads
#   Decrease Java thread stack sizes (-Xss)
#   Set larger code cache with -XX:ReservedCodeCacheSize=
#   JVM is running with Unscaled Compressed Oops mode in which the Java heap is
#     placed in the first 4GB address space. The Java Heap base address is the
#     maximum limit for the native heap growth. Please use -XX:HeapBaseMinAddress
#     to set the Java Heap base and to place the Java Heap above 4GB virtual address.
# This output file may be truncated or incomplete.
#
#  Out of Memory Error (arena.cpp:168), pid=8820, tid=36836
#
# JRE version: Java(TM) SE Runtime Environment (21.0.9+7) (build 21.0.9+7-LTS-338)
# Java VM: Java HotSpot(TM) 64-Bit Server VM (21.0.9+7-LTS-338, mixed mode, sharing, tiered, compressed oops, compressed class ptrs, g1 gc, windows-amd64)
# No core dump will be written. Minidumps are not enabled by default on client versions of Windows
#

---------------  S U M M A R Y ------------

Command Line: -javaagent:C:\Program Files\JetBrains\IntelliJ IDEA Community Edition 2025.2.4\lib\idea_rt.jar=54633 -Dfile.encoding=UTF-8 -Dsun.stdout.encoding=UTF-8 -Dsun.stderr.encoding=UTF-8 com.stocksync.backend.BackendApplication

Host: 13th Gen Intel(R) Core(TM) i3-1315U, 8 cores, 7G,  Windows 11 , 64 bit Build 26100 (10.0.26100.4484)
Time: Tue Nov 11 11:22:47 2025 Hora oficial do Brasil elapsed time: 8.991175 seconds (0d 0h 0m 8s)

---------------  T H R E A D  ---------------

Current thread (0x0000023fc7351c20):  JavaThread "C2 CompilerThread1" daemon [_thread_in_native, id=36836, stack(0x00000054b6e00000,0x00000054b6f00000) (1024K)]


Current CompileTask:
C2:   8991 3817       4       org.springframework.beans.factory.support.AbstractBeanFactory::isTypeMatch (745 bytes)

Stack: [0x00000054b6e00000,0x00000054b6f00000]
Native frames: (J=compiled Java code, j=interpreted, Vv=VM code, C=native code)
V  [jvm.dll+0x6cbf89]
V  [jvm.dll+0x858421]
V  [jvm.dll+0x85a94e]
V  [jvm.dll+0x85b023]
V  [jvm.dll+0x27ebc6]
V  [jvm.dll+0xc4f4d]
V  [jvm.dll+0xc5483]
V  [jvm.dll+0x3b69fc]
V  [jvm.dll+0x1e0363]
V  [jvm.dll+0x247792]
V  [jvm.dll+0x246c1f]
V  [jvm.dll+0x1c7a3e]
V  [jvm.dll+0x256329]
V  [jvm.dll+0x2548ba]
V  [jvm.dll+0x3efdee]
V  [jvm.dll+0x80265b]
V  [jvm.dll+0x6ca66d]
C  [ucrtbase.dll+0x37b0]
C  [KERNEL32.DLL+0x2e8d7]
C  [ntdll.dll+0x3c34c]


---------------  P R O C E S S  ---------------

Threads class SMR info:
_java_thread_list=0x0000023fc5c720e0, length=13, elements={
0x0000023fdd52deb0, 0x0000023ffbf7a4b0, 0x0000023ffbf7bc30, 0x0000023ffbf833d0,
0x0000023ffbf87e40, 0x0000023ffbf888a0, 0x0000023ffbf89300, 0x0000023ffbf8a090,
0x0000023fc515b150, 0x0000023fc5364b10, 0x0000023fc5438250, 0x0000023fc54388c0,
0x0000023fc7351c20
}

Java Threads: ( => current thread )
  0x0000023fdd52deb0 JavaThread "main"                              [_thread_in_native, id=23592, stack(0x00000054b5500000,0x00000054b5600000) (1024K)]
  0x0000023ffbf7a4b0 JavaThread "Reference Handler"          daemon [_thread_blocked, id=4392, stack(0x00000054b5d00000,0x00000054b5e00000) (1024K)]
  0x0000023ffbf7bc30 JavaThread "Finalizer"                  daemon [_thread_blocked, id=22404, stack(0x00000054b5e00000,0x00000054b5f00000) (1024K)]
  0x0000023ffbf833d0 JavaThread "Signal Dispatcher"          daemon [_thread_blocked, id=37312, stack(0x00000054b5f00000,0x00000054b6000000) (1024K)]
  0x0000023ffbf87e40 JavaThread "Attach Listener"            daemon [_thread_blocked, id=12576, stack(0x00000054b6000000,0x00000054b6100000) (1024K)]
  0x0000023ffbf888a0 JavaThread "Service Thread"             daemon [_thread_blocked, id=5200, stack(0x00000054b6100000,0x00000054b6200000) (1024K)]
  0x0000023ffbf89300 JavaThread "Monitor Deflation Thread"   daemon [_thread_blocked, id=31728, stack(0x00000054b6200000,0x00000054b6300000) (1024K)]
  0x0000023ffbf8a090 JavaThread "C2 CompilerThread0"         daemon [_thread_blocked, id=30956, stack(0x00000054b6300000,0x00000054b6400000) (1024K)]
  0x0000023fc515b150 JavaThread "C1 CompilerThread0"         daemon [_thread_blocked, id=11856, stack(0x00000054b6400000,0x00000054b6500000) (1024K)]
  0x0000023fc5364b10 JavaThread "Common-Cleaner"             daemon [_thread_blocked, id=37236, stack(0x00000054b6500000,0x00000054b6600000) (1024K)]
  0x0000023fc5438250 JavaThread "Monitor Ctrl-Break"         daemon [_thread_in_native, id=1748, stack(0x00000054b6600000,0x00000054b6700000) (1024K)]
  0x0000023fc54388c0 JavaThread "Notification Thread"        daemon [_thread_blocked, id=13288, stack(0x00000054b6700000,0x00000054b6800000) (1024K)]
=>0x0000023fc7351c20 JavaThread "C2 CompilerThread1"         daemon [_thread_in_native, id=36836, stack(0x00000054b6e00000,0x00000054b6f00000) (1024K)]
Total: 13

Other Threads:
  0x0000023ffbf62110 VMThread "VM Thread"                           [id=11332, stack(0x00000054b5c00000,0x00000054b5d00000) (1024K)]
  0x0000023ffbf480e0 WatcherThread "VM Periodic Task Thread"        [id=37056, stack(0x00000054b5b00000,0x00000054b5c00000) (1024K)]
  0x0000023fdf746880 WorkerThread "GC Thread#0"                     [id=34640, stack(0x00000054b5600000,0x00000054b5700000) (1024K)]
  0x0000023fc5d99f50 WorkerThread "GC Thread#1"                     [id=23204, stack(0x00000054b6800000,0x00000054b6900000) (1024K)]
  0x0000023fc5d997f0 WorkerThread "GC Thread#2"                     [id=15544, stack(0x00000054b6900000,0x00000054b6a00000) (1024K)]
  0x0000023fc5d9a300 WorkerThread "GC Thread#3"                     [id=27516, stack(0x00000054b6a00000,0x00000054b6b00000) (1024K)]
  0x0000023fc5d9aa60 WorkerThread "GC Thread#4"                     [id=31900, stack(0x00000054b6b00000,0x00000054b6c00000) (1024K)]
  0x0000023fc5d99ba0 WorkerThread "GC Thread#5"                     [id=37620, stack(0x00000054b6c00000,0x00000054b6d00000) (1024K)]
  0x0000023fc5d99090 WorkerThread "GC Thread#6"                     [id=7608, stack(0x00000054b6d00000,0x00000054b6e00000) (1024K)]
  0x0000023fc5d99440 WorkerThread "GC Thread#7"                     [id=6320, stack(0x00000054b6f00000,0x00000054b7000000) (1024K)]
  0x0000023fdf757690 ConcurrentGCThread "G1 Main Marker"            [id=4200, stack(0x00000054b5700000,0x00000054b5800000) (1024K)]
  0x0000023fdf7580b0 WorkerThread "G1 Conc#0"                       [id=24072, stack(0x00000054b5800000,0x00000054b5900000) (1024K)]
  0x0000023fc603e6c0 WorkerThread "G1 Conc#1"                       [id=34388, stack(0x00000054b7100000,0x00000054b7200000) (1024K)]
  0x0000023fdf7ae530 ConcurrentGCThread "G1 Refine#0"               [id=22788, stack(0x00000054b5900000,0x00000054b5a00000) (1024K)]
  0x0000023ffbe13180 ConcurrentGCThread "G1 Service"                [id=11900, stack(0x00000054b5a00000,0x00000054b5b00000) (1024K)]
Total: 15

Threads with active compile tasks:
C2 CompilerThread1     9038 3817       4       org.springframework.beans.factory.support.AbstractBeanFactory::isTypeMatch (745 bytes)
Total: 1

VM state: not at safepoint (normal execution)

VM Mutex/Monitor currently owned by a thread: None

Heap address: 0x0000000084c00000, size: 1972 MB, Compressed Oops mode: 32-bit

CDS archive(s) mapped at: [0x0000023f80000000-0x0000023f80c90000-0x0000023f80c90000), size 13172736, SharedBaseAddress: 0x0000023f80000000, ArchiveRelocationMode: 1.
Compressed class space mapped at: 0x0000023f81000000-0x0000023fc1000000, reserved size: 1073741824
Narrow klass base: 0x0000023f80000000, Narrow klass shift: 0, Narrow klass range: 0x100000000

GC Precious Log:
 CardTable entry size: 512
 Card Set container configuration: InlinePtr #cards 5 size 8 Array Of Cards #cards 12 size 40 Howl #buckets 4 coarsen threshold 1843 Howl Bitmap #cards 512 size 80 coarsen threshold 460 Card regions per heap region 1 cards per card region 2048
 CPUs: 8 total, 8 available
 Memory: 7883M
 Large Page Support: Disabled
 NUMA Support: Disabled
 Compressed Oops: Enabled (32-bit)
 Heap Region Size: 1M
 Heap Min Capacity: 8M
 Heap Initial Capacity: 124M
 Heap Max Capacity: 1972M
 Pre-touch: Disabled
 Parallel Workers: 8
 Concurrent Workers: 2
 Concurrent Refinement Workers: 8
 Periodic GC: Disabled

Heap:
 garbage-first heap   total 58368K, used 35411K [0x0000000084c00000, 0x0000000100000000)
  region size 1024K, 23 young (23552K), 3 survivors (3072K)
 Metaspace       used 27295K, committed 27712K, reserved 1114112K
  class space    used 3436K, committed 3648K, reserved 1048576K

Heap Regions: E=young(eden), S=young(survivor), O=old, HS=humongous(starts), HC=humongous(continues), CS=collection set, F=free, TAMS=top-at-mark-start, PB=parsable bottom
|   0|0x0000000084c00000, 0x0000000084d00000, 0x0000000084d00000|100%|HS|  |TAMS 0x0000000084c00000| PB 0x0000000084c00000| Complete 
|   1|0x0000000084d00000, 0x0000000084e00000, 0x0000000084e00000|100%|HS|  |TAMS 0x0000000084d00000| PB 0x0000000084d00000| Complete 
|   2|0x0000000084e00000, 0x0000000084f00000, 0x0000000084f00000|100%| O|  |TAMS 0x0000000084e00000| PB 0x0000000084e00000| Untracked 
|   3|0x0000000084f00000, 0x0000000085000000, 0x0000000085000000|100%| O|  |TAMS 0x0000000084f00000| PB 0x0000000084f00000| Untracked 
|   4|0x0000000085000000, 0x0000000085100000, 0x0000000085100000|100%| O|  |TAMS 0x0000000085000000| PB 0x0000000085000000| Untracked 
|   5|0x0000000085100000, 0x0000000085200000, 0x0000000085200000|100%| O|  |TAMS 0x0000000085100000| PB 0x0000000085100000| Untracked 
|   6|0x0000000085200000, 0x0000000085300000, 0x0000000085300000|100%| O|  |TAMS 0x0000000085200000| PB 0x0000000085200000| Untracked 
|   7|0x0000000085300000, 0x0000000085400000, 0x0000000085400000|100%| O|  |TAMS 0x0000000085300000| PB 0x0000000085300000| Untracked 
|   8|0x0000000085400000, 0x0000000085442bd8, 0x0000000085500000| 26%| O|Cm|TAMS 0x0000000085400000| PB 0x0000000085400000| Complete 
|   9|0x0000000085500000, 0x0000000085600000, 0x0000000085600000|100%| O|  |TAMS 0x0000000085500000| PB 0x0000000085500000| Untracked 
|  10|0x0000000085600000, 0x0000000085700000, 0x0000000085700000|100%| O|  |TAMS 0x0000000085600000| PB 0x0000000085600000| Untracked 
|  11|0x0000000085700000, 0x0000000085800000, 0x0000000085800000|100%| O|  |TAMS 0x0000000085700000| PB 0x0000000085700000| Untracked 
|  12|0x0000000085800000, 0x0000000085900000, 0x0000000085900000|100%| O|  |TAMS 0x0000000085800000| PB 0x0000000085800000| Untracked 
|  13|0x0000000085900000, 0x0000000085a00000, 0x0000000085a00000|100%| O|  |TAMS 0x0000000085900000| PB 0x0000000085900000| Untracked 
|  14|0x0000000085a00000, 0x0000000085a52420, 0x0000000085b00000| 32%| O|  |TAMS 0x0000000085a00000| PB 0x0000000085a00000| Untracked 
|  15|0x0000000085b00000, 0x0000000085b00000, 0x0000000085c00000|  0%| F|  |TAMS 0x0000000085b00000| PB 0x0000000085b00000| Untracked 
|  16|0x0000000085c00000, 0x0000000085c00000, 0x0000000085d00000|  0%| F|  |TAMS 0x0000000085c00000| PB 0x0000000085c00000| Untracked 
|  17|0x0000000085d00000, 0x0000000085d00000, 0x0000000085e00000|  0%| F|  |TAMS 0x0000000085d00000| PB 0x0000000085d00000| Untracked 
|  18|0x0000000085e00000, 0x0000000085e00000, 0x0000000085f00000|  0%| F|  |TAMS 0x0000000085e00000| PB 0x0000000085e00000| Untracked 
|  19|0x0000000085f00000, 0x0000000085f00000, 0x0000000086000000|  0%| F|  |TAMS 0x0000000085f00000| PB 0x0000000085f00000| Untracked 
|  20|0x0000000086000000, 0x0000000086100000, 0x0000000086100000|100%| S|CS|TAMS 0x0000000086000000| PB 0x0000000086000000| Complete 
|  21|0x0000000086100000, 0x0000000086200000, 0x0000000086200000|100%| S|CS|TAMS 0x0000000086100000| PB 0x0000000086100000| Complete 
|  22|0x0000000086200000, 0x0000000086300000, 0x0000000086300000|100%| S|CS|TAMS 0x0000000086200000| PB 0x0000000086200000| Complete 
|  23|0x0000000086300000, 0x0000000086300000, 0x0000000086400000|  0%| F|  |TAMS 0x0000000086300000| PB 0x0000000086300000| Untracked 
|  24|0x0000000086400000, 0x0000000086400000, 0x0000000086500000|  0%| F|  |TAMS 0x0000000086400000| PB 0x0000000086400000| Untracked 
|  25|0x0000000086500000, 0x0000000086500000, 0x0000000086600000|  0%| F|  |TAMS 0x0000000086500000| PB 0x0000000086500000| Untracked 
|  26|0x0000000086600000, 0x0000000086600000, 0x0000000086700000|  0%| F|  |TAMS 0x0000000086600000| PB 0x0000000086600000| Untracked 
|  27|0x0000000086700000, 0x0000000086700000, 0x0000000086800000|  0%| F|  |TAMS 0x0000000086700000| PB 0x0000000086700000| Untracked 
|  28|0x0000000086800000, 0x0000000086800000, 0x0000000086900000|  0%| F|  |TAMS 0x0000000086800000| PB 0x0000000086800000| Untracked 
|  29|0x0000000086900000, 0x0000000086900000, 0x0000000086a00000|  0%| F|  |TAMS 0x0000000086900000| PB 0x0000000086900000| Untracked 
|  30|0x0000000086a00000, 0x0000000086a00000, 0x0000000086b00000|  0%| F|  |TAMS 0x0000000086a00000| PB 0x0000000086a00000| Untracked 
|  31|0x0000000086b00000, 0x0000000086b00000, 0x0000000086c00000|  0%| F|  |TAMS 0x0000000086b00000| PB 0x0000000086b00000| Untracked 
|  32|0x0000000086c00000, 0x0000000086c00000, 0x0000000086d00000|  0%| F|  |TAMS 0x0000000086c00000| PB 0x0000000086c00000| Untracked 
|  33|0x0000000086d00000, 0x0000000086d00000, 0x0000000086e00000|  0%| F|  |TAMS 0x0000000086d00000| PB 0x0000000086d00000| Untracked 
|  34|0x0000000086e00000, 0x0000000086e00000, 0x0000000086f00000|  0%| F|  |TAMS 0x0000000086e00000| PB 0x0000000086e00000| Untracked 
|  35|0x0000000086f00000, 0x0000000086f00000, 0x0000000087000000|  0%| F|  |TAMS 0x0000000086f00000| PB 0x0000000086f00000| Untracked 
|  36|0x0000000087000000, 0x0000000087000000, 0x0000000087100000|  0%| F|  |TAMS 0x0000000087000000| PB 0x0000000087000000| Untracked 
|  37|0x0000000087100000, 0x0000000087187fb8, 0x0000000087200000| 53%| E|  |TAMS 0x0000000087100000| PB 0x0000000087100000| Complete 
|  38|0x0000000087200000, 0x0000000087300000, 0x0000000087300000|100%| E|  |TAMS 0x0000000087200000| PB 0x0000000087200000| Complete 
|  39|0x0000000087300000, 0x0000000087400000, 0x0000000087400000|100%| E|CS|TAMS 0x0000000087300000| PB 0x0000000087300000| Complete 
|  40|0x0000000087400000, 0x0000000087500000, 0x0000000087500000|100%| E|CS|TAMS 0x0000000087400000| PB 0x0000000087400000| Complete 
|  41|0x0000000087500000, 0x0000000087600000, 0x0000000087600000|100%| E|CS|TAMS 0x0000000087500000| PB 0x0000000087500000| Complete 
|  42|0x0000000087600000, 0x0000000087700000, 0x0000000087700000|100%| E|CS|TAMS 0x0000000087600000| PB 0x0000000087600000| Complete 
|  43|0x0000000087700000, 0x0000000087800000, 0x0000000087800000|100%| E|CS|TAMS 0x0000000087700000| PB 0x0000000087700000| Complete 
|  44|0x0000000087800000, 0x0000000087900000, 0x0000000087900000|100%| E|CS|TAMS 0x0000000087800000| PB 0x0000000087800000| Complete 
|  45|0x0000000087900000, 0x0000000087a00000, 0x0000000087a00000|100%| E|CS|TAMS 0x0000000087900000| PB 0x0000000087900000| Complete 
|  46|0x0000000087a00000, 0x0000000087b00000, 0x0000000087b00000|100%| E|CS|TAMS 0x0000000087a00000| PB 0x0000000087a00000| Complete 
|  47|0x0000000087b00000, 0x0000000087c00000, 0x0000000087c00000|100%| E|CS|TAMS 0x0000000087b00000| PB 0x0000000087b00000| Complete 
|  48|0x0000000087c00000, 0x0000000087d00000, 0x0000000087d00000|100%| E|CS|TAMS 0x0000000087c00000| PB 0x0000000087c00000| Complete 
|  78|0x0000000089a00000, 0x0000000089b00000, 0x0000000089b00000|100%| E|CS|TAMS 0x0000000089a00000| PB 0x0000000089a00000| Complete 
|  79|0x0000000089b00000, 0x0000000089c00000, 0x0000000089c00000|100%| E|CS|TAMS 0x0000000089b00000| PB 0x0000000089b00000| Complete 
|  80|0x0000000089c00000, 0x0000000089d00000, 0x0000000089d00000|100%| E|CS|TAMS 0x0000000089c00000| PB 0x0000000089c00000| Complete 
|  81|0x0000000089d00000, 0x0000000089e00000, 0x0000000089e00000|100%| E|CS|TAMS 0x0000000089d00000| PB 0x0000000089d00000| Complete 
|  82|0x0000000089e00000, 0x0000000089f00000, 0x0000000089f00000|100%| E|CS|TAMS 0x0000000089e00000| PB 0x0000000089e00000| Complete 
|  83|0x0000000089f00000, 0x000000008a000000, 0x000000008a000000|100%| E|CS|TAMS 0x0000000089f00000| PB 0x0000000089f00000| Complete 
|  84|0x000000008a000000, 0x000000008a100000, 0x000000008a100000|100%| E|CS|TAMS 0x000000008a000000| PB 0x000000008a000000| Complete 
| 123|0x000000008c700000, 0x000000008c800000, 0x000000008c800000|100%| E|CS|TAMS 0x000000008c700000| PB 0x000000008c700000| Complete 

Card table byte_map: [0x0000023ff72a0000,0x0000023ff7680000] _byte_map_base: 0x0000023ff6e7a000

Marking Bits: (CMBitMap*) 0x0000023fdf746ea0
 Bits: [0x0000023ff7680000, 0x0000023ff9550000)

Polling page: 0x0000023fdd6b0000

Metaspace:

Usage:
  Non-class:     23.30 MB used.
      Class:      3.36 MB used.
       Both:     26.66 MB used.

Virtual space:
  Non-class space:       64.00 MB reserved,      23.50 MB ( 37%) committed,  1 nodes.
      Class space:        1.00 GB reserved,       3.56 MB ( <1%) committed,  1 nodes.
             Both:        1.06 GB reserved,      27.06 MB (  2%) committed. 

Chunk freelists:
   Non-Class:  7.84 MB
       Class:  12.36 MB
        Both:  20.20 MB

MaxMetaspaceSize: unlimited
CompressedClassSpaceSize: 1.00 GB
Initial GC threshold: 21.00 MB
Current GC threshold: 35.25 MB
CDS: on
 - commit_granule_bytes: 65536.
 - commit_granule_words: 8192.
 - virtual_space_node_default_size: 8388608.
 - enlarge_chunks_in_place: 1.
 - use_allocation_guard: 0.


Internal statistics:

num_allocs_failed_limit: 3.
num_arena_births: 452.
num_arena_deaths: 0.
num_vsnodes_births: 2.
num_vsnodes_deaths: 0.
num_space_committed: 433.
num_space_uncommitted: 0.
num_chunks_returned_to_freelist: 3.
num_chunks_taken_from_freelist: 1429.
num_chunk_merges: 3.
num_chunk_splits: 979.
num_chunks_enlarged: 726.
num_inconsistent_stats: 0.

CodeHeap 'non-profiled nmethods': size=120000Kb used=1984Kb max_used=1984Kb free=118015Kb
 bounds [0x0000023fef660000, 0x0000023fef8d0000, 0x0000023ff6b90000]
CodeHeap 'profiled nmethods': size=120000Kb used=8249Kb max_used=8249Kb free=111750Kb
 bounds [0x0000023fe7b90000, 0x0000023fe83a0000, 0x0000023fef0c0000]
CodeHeap 'non-nmethods': size=5760Kb used=1455Kb max_used=1502Kb free=4304Kb
 bounds [0x0000023fef0c0000, 0x0000023fef330000, 0x0000023fef660000]
 total_blobs=4413 nmethods=3871 adapters=445
 compilation: enabled
              stopped_count=0, restarted_count=0
 full_count=0

Compilation events (20 events):
Event: 7.917 Thread 0x0000023fc515b150 3868       3       org.springframework.core.ResolvableType::forMethodParameter (40 bytes)
Event: 7.917 Thread 0x0000023fc515b150 nmethod 3868 0x0000023fe8399e10 code [0x0000023fe839a080, 0x0000023fe839abe8]
Event: 7.937 Thread 0x0000023ffbf8a090 nmethod 3839 0x0000023fef845c10 code [0x0000023fef846260, 0x0000023fef84b0b0]
Event: 7.938 Thread 0x0000023ffbf8a090 3843       4       org.springframework.core.annotation.MergedAnnotationsCollection::find (174 bytes)
Event: 7.940 Thread 0x0000023fc515b150 3870       3       org.springframework.beans.factory.support.AbstractBeanDefinition::validate (37 bytes)
Event: 7.941 Thread 0x0000023fc515b150 nmethod 3870 0x0000023fe839af90 code [0x0000023fe839b1e0, 0x0000023fe839bf20]
Event: 7.942 Thread 0x0000023fc515b150 3871       3       org.springframework.beans.factory.support.AbstractBeanDefinition::resolveBeanClass (24 bytes)
Event: 7.943 Thread 0x0000023fc515b150 nmethod 3871 0x0000023fe839c290 code [0x0000023fe839c4a0, 0x0000023fe839cbb8]
Event: 7.943 Thread 0x0000023fc515b150 3873       3       org.springframework.core.type.classreading.SimpleAnnotationMetadata::getAnnotatedMethods (67 bytes)
Event: 7.943 Thread 0x0000023fc515b150 nmethod 3873 0x0000023fe839cd90 code [0x0000023fe839d020, 0x0000023fe839dcf8]
Event: 7.943 Thread 0x0000023fc515b150 3872       1       org.springframework.context.annotation.ConfigurationClassBeanDefinitionReader$ConfigurationClassBeanDefinition::getFactoryMethodMetadata (5 bytes)
Event: 7.943 Thread 0x0000023fc515b150 nmethod 3872 0x0000023fef84ce10 code [0x0000023fef84cfa0, 0x0000023fef84d070]
Event: 7.943 Thread 0x0000023fc515b150 3874       3       java.util.Collections$UnmodifiableCollection::isEmpty (10 bytes)
Event: 7.944 Thread 0x0000023fc515b150 nmethod 3874 0x0000023fe839e090 code [0x0000023fe839e240, 0x0000023fe839e418]
Event: 7.958 Thread 0x0000023ffbf8a090 nmethod 3843 0x0000023fef84d110 code [0x0000023fef84d3e0, 0x0000023fef84e630]
Event: 7.958 Thread 0x0000023ffbf8a090 3846       4       org.springframework.core.annotation.TypeMappedAnnotation::getAdaptType (48 bytes)
Event: 7.960 Thread 0x0000023ffbf8a090 nmethod 3846 0x0000023fef84f110 code [0x0000023fef84f2e0, 0x0000023fef84f5c0]
Event: 7.960 Thread 0x0000023ffbf8a090 3840       4       java.util.HashMap::isEmpty (13 bytes)
Event: 7.960 Thread 0x0000023ffbf8a090 nmethod 3840 0x0000023fef84f890 code [0x0000023fef84fa20, 0x0000023fef84fab8]
Event: 7.960 Thread 0x0000023ffbf8a090 3853       4       org.springframework.core.annotation.TypeMappedAnnotation::getTypeForMapOptions (57 bytes)

GC Heap History (8 events):
Event: 2.637 GC heap before
{Heap before GC invocations=0 (full 0):
 garbage-first heap   total 126976K, used 24576K [0x0000000084c00000, 0x0000000100000000)
  region size 1024K, 23 young (23552K), 0 survivors (0K)
 Metaspace       used 6150K, committed 6336K, reserved 1114112K
  class space    used 705K, committed 768K, reserved 1048576K
}
Event: 2.645 GC heap after
{Heap after GC invocations=1 (full 0):
 garbage-first heap   total 126976K, used 8512K [0x0000000084c00000, 0x0000000100000000)
  region size 1024K, 3 young (3072K), 3 survivors (3072K)
 Metaspace       used 6150K, committed 6336K, reserved 1114112K
  class space    used 705K, committed 768K, reserved 1048576K
}
Event: 3.994 GC heap before
{Heap before GC invocations=1 (full 0):
 garbage-first heap   total 126976K, used 37184K [0x0000000084c00000, 0x0000000100000000)
  region size 1024K, 31 young (31744K), 3 survivors (3072K)
 Metaspace       used 13532K, committed 13888K, reserved 1114112K
  class space    used 1808K, committed 1984K, reserved 1048576K
}
Event: 4.002 GC heap after
{Heap after GC invocations=2 (full 0):
 garbage-first heap   total 126976K, used 10932K [0x0000000084c00000, 0x0000000100000000)
  region size 1024K, 3 young (3072K), 3 survivors (3072K)
 Metaspace       used 13532K, committed 13888K, reserved 1114112K
  class space    used 1808K, committed 1984K, reserved 1048576K
}
Event: 4.914 GC heap before
{Heap before GC invocations=2 (full 0):
 garbage-first heap   total 126976K, used 46772K [0x0000000084c00000, 0x0000000100000000)
  region size 1024K, 39 young (39936K), 3 survivors (3072K)
 Metaspace       used 21134K, committed 21504K, reserved 1114112K
  class space    used 2667K, committed 2880K, reserved 1048576K
}
Event: 4.922 GC heap after
{Heap after GC invocations=3 (full 0):
 garbage-first heap   total 126976K, used 15034K [0x0000000084c00000, 0x0000000100000000)
  region size 1024K, 7 young (7168K), 7 survivors (7168K)
 Metaspace       used 21134K, committed 21504K, reserved 1114112K
  class space    used 2667K, committed 2880K, reserved 1048576K
}
Event: 6.811 GC heap before
{Heap before GC invocations=4 (full 0):
 garbage-first heap   total 58368K, used 42682K [0x0000000084c00000, 0x0000000100000000)
  region size 1024K, 34 young (34816K), 7 survivors (7168K)
 Metaspace       used 24499K, committed 24896K, reserved 1114112K
  class space    used 3079K, committed 3264K, reserved 1048576K
}
Event: 6.825 GC heap after
{Heap after GC invocations=5 (full 0):
 garbage-first heap   total 58368K, used 16979K [0x0000000084c00000, 0x0000000100000000)
  region size 1024K, 3 young (3072K), 3 survivors (3072K)
 Metaspace       used 24499K, committed 24896K, reserved 1114112K
  class space    used 3079K, committed 3264K, reserved 1048576K
}

Dll operation events (10 events):
Event: 0.029 Loaded shared library C:\Program Files\Java\jdk-21\bin\java.dll
Event: 0.134 Loaded shared library C:\Program Files\Java\jdk-21\bin\jsvml.dll
Event: 0.568 Loaded shared library C:\Program Files\Java\jdk-21\bin\zip.dll
Event: 0.577 Loaded shared library C:\Program Files\Java\jdk-21\bin\instrument.dll
Event: 0.585 Loaded shared library C:\Program Files\Java\jdk-21\bin\net.dll
Event: 0.586 Loaded shared library C:\Program Files\Java\jdk-21\bin\nio.dll
Event: 0.591 Loaded shared library C:\Program Files\Java\jdk-21\bin\zip.dll
Event: 1.654 Loaded shared library C:\Program Files\Java\jdk-21\bin\extnet.dll
Event: 1.726 Loaded shared library C:\Program Files\Java\jdk-21\bin\jimage.dll
Event: 4.940 Loaded shared library C:\Program Files\Java\jdk-21\bin\sunmscapi.dll

Deoptimization events (20 events):
Event: 7.699 Thread 0x0000023fdd52deb0 Uncommon trap: trap_request=0xffffff45 fr.pc=0x0000023fef8101a0 relative=0x0000000000001c40
Event: 7.699 Thread 0x0000023fdd52deb0 Uncommon trap: reason=unstable_if action=reinterpret pc=0x0000023fef8101a0 method=org.springframework.core.ResolvableType.resolveType()Lorg/springframework/core/ResolvableType; @ 40 c2
Event: 7.699 Thread 0x0000023fdd52deb0 DEOPT PACKING pc=0x0000023fef8101a0 sp=0x00000054b55fe4c0
Event: 7.699 Thread 0x0000023fdd52deb0 DEOPT UNPACKING pc=0x0000023fef1146a2 sp=0x00000054b55fe4d8 mode 2
Event: 7.709 Thread 0x0000023fdd52deb0 Uncommon trap: trap_request=0xffffff45 fr.pc=0x0000023fef8096c8 relative=0x00000000000000a8
Event: 7.709 Thread 0x0000023fdd52deb0 Uncommon trap: reason=unstable_if action=reinterpret pc=0x0000023fef8096c8 method=org.springframework.core.ResolvableType.isUnresolvableTypeVariable()Z @ 9 c2
Event: 7.709 Thread 0x0000023fdd52deb0 DEOPT PACKING pc=0x0000023fef8096c8 sp=0x00000054b55fe2b0
Event: 7.709 Thread 0x0000023fdd52deb0 DEOPT UNPACKING pc=0x0000023fef1146a2 sp=0x00000054b55fe238 mode 2
Event: 7.711 Thread 0x0000023fdd52deb0 Uncommon trap: trap_request=0xfffffff4 fr.pc=0x0000023fef837fe0 relative=0x0000000000001880
Event: 7.711 Thread 0x0000023fdd52deb0 Uncommon trap: reason=null_check action=make_not_entrant pc=0x0000023fef837fe0 method=java.lang.Class.isAnnotation()Z @ 1 c2
Event: 7.711 Thread 0x0000023fdd52deb0 DEOPT PACKING pc=0x0000023fef837fe0 sp=0x00000054b55fde80
Event: 7.711 Thread 0x0000023fdd52deb0 DEOPT UNPACKING pc=0x0000023fef1146a2 sp=0x00000054b55fdd58 mode 2
Event: 7.717 Thread 0x0000023fdd52deb0 Uncommon trap: trap_request=0xffffff45 fr.pc=0x0000023fef827344 relative=0x0000000000003984
Event: 7.717 Thread 0x0000023fdd52deb0 Uncommon trap: reason=unstable_if action=reinterpret pc=0x0000023fef827344 method=org.springframework.core.ResolvableType.resolveType()Lorg/springframework/core/ResolvableType; @ 40 c2
Event: 7.717 Thread 0x0000023fdd52deb0 DEOPT PACKING pc=0x0000023fef827344 sp=0x00000054b55fe700
Event: 7.717 Thread 0x0000023fdd52deb0 DEOPT UNPACKING pc=0x0000023fef1146a2 sp=0x00000054b55fe6b8 mode 2
Event: 7.941 Thread 0x0000023fdd52deb0 Uncommon trap: trap_request=0xffffff45 fr.pc=0x0000023fef7904a4 relative=0x0000000000000104
Event: 7.941 Thread 0x0000023fdd52deb0 Uncommon trap: reason=unstable_if action=reinterpret pc=0x0000023fef7904a4 method=org.springframework.util.ObjectUtils.nullSafeEquals(Ljava/lang/Object;Ljava/lang/Object;)Z @ 12 c2
Event: 7.941 Thread 0x0000023fdd52deb0 DEOPT PACKING pc=0x0000023fef7904a4 sp=0x00000054b55fec40
Event: 7.941 Thread 0x0000023fdd52deb0 DEOPT UNPACKING pc=0x0000023fef1146a2 sp=0x00000054b55febe0 mode 2

Classes loaded (20 events):
Event: 5.015 Loading class java/util/stream/Streams$ConcatSpliterator$OfRef
Event: 5.015 Loading class java/util/stream/Streams$ConcatSpliterator
Event: 5.015 Loading class java/util/stream/Streams$ConcatSpliterator done
Event: 5.015 Loading class java/util/stream/Streams$ConcatSpliterator$OfRef done
Event: 5.015 Loading class java/util/stream/Streams$2
Event: 5.015 Loading class java/util/stream/Streams$2 done
Event: 5.482 Loading class java/security/AccessControlException
Event: 5.482 Loading class java/security/AccessControlException done
Event: 5.492 Loading class java/beans/PropertyVetoException
Event: 5.493 Loading class java/beans/PropertyVetoException done
Event: 7.081 Loading class java/lang/UnsupportedClassVersionError
Event: 7.081 Loading class java/lang/ClassFormatError
Event: 7.081 Loading class java/lang/ClassFormatError done
Event: 7.081 Loading class java/lang/UnsupportedClassVersionError done
Event: 7.571 Loading class java/util/stream/ReferencePipeline$15
Event: 7.574 Loading class java/util/stream/ReferencePipeline$15 done
Event: 7.575 Loading class java/util/stream/ReferencePipeline$15$1
Event: 7.575 Loading class java/util/stream/ReferencePipeline$15$1 done
Event: 7.894 Loading class java/net/SocketException
Event: 7.897 Loading class java/net/SocketException done

Classes unloaded (0 events):
No events

Classes redefined (0 events):
No events

Internal exceptions (20 events):
Event: 2.965 Thread 0x0000023fdd52deb0 Exception <a 'java/lang/NoSuchMethodError'{0x000000008c132500}: 'java.lang.Object java.lang.invoke.DirectMethodHandle$Holder.invokeStaticInit(java.lang.Object, int)'> (0x000000008c132500) 
thrown [s\open\src\hotspot\share\interpreter\linkResolver.cpp, line 773]
Event: 2.968 Thread 0x0000023fdd52deb0 Exception <a 'java/lang/NoSuchMethodError'{0x000000008c13c540}: 'java.lang.Object java.lang.invoke.DirectMethodHandle$Holder.invokeStatic(java.lang.Object, int, java.lang.Object)'> (0x000000008c13c540) 
thrown [s\open\src\hotspot\share\interpreter\linkResolver.cpp, line 773]
Event: 2.968 Thread 0x0000023fdd52deb0 Exception <a 'java/lang/NoSuchMethodError'{0x000000008c13fba0}: 'java.lang.Object java.lang.invoke.DirectMethodHandle$Holder.invokeStaticInit(java.lang.Object, int, java.lang.Object)'> (0x000000008c13fba0) 
thrown [s\open\src\hotspot\share\interpreter\linkResolver.cpp, line 773]
Event: 2.978 Thread 0x0000023fdd52deb0 Exception <a 'java/lang/NoSuchMethodError'{0x000000008c15bcb8}: 'java.lang.Object java.lang.invoke.DirectMethodHandle$Holder.invokeVirtual(java.lang.Object, java.lang.Object, java.lang.Object)'> (0x000000008c15bcb8) 
thrown [s\open\src\hotspot\share\interpreter\linkResolver.cpp, line 773]
Event: 3.033 Thread 0x0000023fdd52deb0 Exception <a 'java/lang/NoSuchMethodError'{0x000000008c023248}: 'void java.lang.invoke.DirectMethodHandle$Holder.invokeVirtual(java.lang.Object, java.lang.Object, java.lang.Object, java.lang.Object)'> (0x000000008c023248) 
thrown [s\open\src\hotspot\share\interpreter\linkResolver.cpp, line 773]
Event: 3.213 Thread 0x0000023fdd52deb0 Exception <a 'java/lang/NoSuchMethodError'{0x000000008be58610}: 'java.lang.Object java.lang.invoke.Invokers$Holder.invoke_MT(java.lang.Object, java.lang.Object, java.lang.Object, java.lang.Object, java.lang.Object, java.lang.Object, java.lang.Object, java.lang.Object, java.lang.Object)'> (0x000000008be58610) 
thrown [s\open\src\hotspot\share\interpreter\linkResolver.cpp, line 773]
Event: 3.226 Thread 0x0000023fdd52deb0 Exception <a 'java/lang/NoSuchMethodError'{0x000000008bea9f70}: 'java.lang.reflect.Field[] java.lang.Class.getDeclaredFields(java.lang.Class)'> (0x000000008bea9f70) 
thrown [s\open\src\hotspot\share\interpreter\linkResolver.cpp, line 773]
Event: 3.250 Thread 0x0000023fdd52deb0 Exception <a 'java/lang/IncompatibleClassChangeError'{0x000000008bd55b00}: Found class java.lang.Object, but interface was expected> (0x000000008bd55b00) 
thrown [s\open\src\hotspot\share\interpreter\linkResolver.cpp, line 840]
Event: 4.069 Thread 0x0000023fdd52deb0 Exception <a 'java/lang/NoSuchMethodError'{0x000000008c6cf580}: 'int java.lang.invoke.DirectMethodHandle$Holder.invokeSpecial(java.lang.Object, java.lang.Object, java.lang.Object, java.lang.Object, java.lang.Object)'> (0x000000008c6cf580) 
thrown [s\open\src\hotspot\share\interpreter\linkResolver.cpp, line 773]
Event: 4.081 Thread 0x0000023fdd52deb0 Exception <a 'java/lang/NoSuchMethodError'{0x000000008c6d7b00}: 'void java.lang.invoke.DirectMethodHandle$Holder.invokeVirtual(java.lang.Object, java.lang.Object)'> (0x000000008c6d7b00) 
thrown [s\open\src\hotspot\share\interpreter\linkResolver.cpp, line 773]
Event: 4.745 Thread 0x0000023fc624b980 Exception <a 'java/lang/NoSuchMethodError'{0x000000008ac299e0}: 'long java.lang.invoke.DirectMethodHandle$Holder.invokeSpecial(java.lang.Object, java.lang.Object)'> (0x000000008ac299e0) 
thrown [s\open\src\hotspot\share\interpreter\linkResolver.cpp, line 773]
Event: 4.748 Thread 0x0000023fc624b980 Exception <a 'java/lang/NoSuchMethodError'{0x000000008ac33650}: 'long java.lang.invoke.DirectMethodHandle$Holder.invokeStatic(java.lang.Object, java.lang.Object)'> (0x000000008ac33650) 
thrown [s\open\src\hotspot\share\interpreter\linkResolver.cpp, line 773]
Event: 4.749 Thread 0x0000023fc624b980 Exception <a 'java/lang/NoSuchMethodError'{0x000000008ac36718}: 'long java.lang.invoke.DirectMethodHandle$Holder.invokeStaticInit(java.lang.Object, java.lang.Object)'> (0x000000008ac36718) 
thrown [s\open\src\hotspot\share\interpreter\linkResolver.cpp, line 773]
Event: 4.752 Thread 0x0000023fc624b980 Exception <a 'java/lang/NoSuchMethodError'{0x000000008ac42508}: 'long java.lang.invoke.DirectMethodHandle$Holder.invokeInterface(java.lang.Object, java.lang.Object)'> (0x000000008ac42508) 
thrown [s\open\src\hotspot\share\interpreter\linkResolver.cpp, line 773]
Event: 4.752 Thread 0x0000023fc624b980 Exception <a 'java/lang/IncompatibleClassChangeError'{0x000000008ac45518}: Found class java.lang.Object, but interface was expected> (0x000000008ac45518) 
thrown [s\open\src\hotspot\share\interpreter\linkResolver.cpp, line 840]
Event: 4.759 Thread 0x0000023fc624b980 Exception <a 'java/lang/NoSuchMethodError'{0x000000008ab0a558}: 'java.lang.Object java.lang.invoke.DirectMethodHandle$Holder.invokeVirtual(java.lang.Object, java.lang.Object, java.lang.Object, java.lang.Object)'> (0x000000008ab0a558) 
thrown [s\open\src\hotspot\share\interpreter\linkResolver.cpp, line 773]
Event: 4.869 Thread 0x0000023fdd52deb0 Exception <a 'java/lang/IncompatibleClassChangeError'{0x000000008a386b40}: Found class java.lang.Object, but interface was expected> (0x000000008a386b40) 
thrown [s\open\src\hotspot\share\interpreter\linkResolver.cpp, line 840]
Event: 7.711 Thread 0x0000023fdd52deb0 Implicit null exception at 0x0000023fef836c6c to 0x0000023fef837fc4
Event: 7.920 Thread 0x0000023fdd52deb0 Exception <a 'java/lang/NoSuchMethodError'{0x0000000087277a90}: 'java.lang.Object java.lang.invoke.DirectMethodHandle$Holder.newInvokeSpecial(java.lang.Object, java.lang.Object, java.lang.Object, java.lang.Object, java.lang.Object, java.lang.Object)'> (0x0000000087277a90) 
thrown [s\open\src\hotspot\share\interpreter\linkResolver.cpp, line 773]
Event: 7.941 Thread 0x0000023fdd52deb0 Implicit null exception at 0x0000023fef7903c8 to 0x0000023fef790496

ZGC Phase Switch (0 events):
No events

VM Operations (20 events):
Event: 6.293 Executing VM operation: ICBufferFull
Event: 6.293 Executing VM operation: ICBufferFull done
Event: 6.811 Executing VM operation: G1CollectForAllocation (G1 Evacuation Pause)
Event: 6.825 Executing VM operation: G1CollectForAllocation (G1 Evacuation Pause) done
Event: 7.326 Executing VM operation: HandshakeAllThreads (Deoptimize)
Event: 7.326 Executing VM operation: HandshakeAllThreads (Deoptimize) done
Event: 7.327 Executing VM operation: HandshakeAllThreads (Deoptimize)
Event: 7.327 Executing VM operation: HandshakeAllThreads (Deoptimize) done
Event: 7.344 Executing VM operation: HandshakeAllThreads (Deoptimize)
Event: 7.344 Executing VM operation: HandshakeAllThreads (Deoptimize) done
Event: 7.346 Executing VM operation: HandshakeAllThreads (Deoptimize)
Event: 7.346 Executing VM operation: HandshakeAllThreads (Deoptimize) done
Event: 7.586 Executing VM operation: HandshakeAllThreads (Deoptimize)
Event: 7.586 Executing VM operation: HandshakeAllThreads (Deoptimize) done
Event: 7.697 Executing VM operation: ICBufferFull
Event: 7.697 Executing VM operation: ICBufferFull done
Event: 7.698 Executing VM operation: HandshakeAllThreads (Deoptimize)
Event: 7.698 Executing VM operation: HandshakeAllThreads (Deoptimize) done
Event: 8.700 Executing VM operation: Cleanup
Event: 8.700 Executing VM operation: Cleanup done

Events (20 events):
Event: 0.131 Thread 0x0000023ffbf888a0 Thread added: 0x0000023ffbf888a0
Event: 0.131 Thread 0x0000023ffbf89300 Thread added: 0x0000023ffbf89300
Event: 0.131 Thread 0x0000023ffbf8a090 Thread added: 0x0000023ffbf8a090
Event: 0.143 Thread 0x0000023fc515b150 Thread added: 0x0000023fc515b150
Event: 0.581 Thread 0x0000023fc5364b10 Thread added: 0x0000023fc5364b10
Event: 0.622 Thread 0x0000023fc538af10 Thread added: 0x0000023fc538af10
Event: 0.886 Thread 0x0000023fc538af10 Thread exited: 0x0000023fc538af10
Event: 1.627 Thread 0x0000023fc5438250 Thread added: 0x0000023fc5438250
Event: 1.627 Thread 0x0000023fc54388c0 Thread added: 0x0000023fc54388c0
Event: 2.993 Thread 0x0000023fc5eaa950 Thread added: 0x0000023fc5eaa950
Event: 3.196 Thread 0x0000023fc624b980 Thread added: 0x0000023fc624b980
Event: 3.850 Thread 0x0000023fc5eaa950 Thread exited: 0x0000023fc5eaa950
Event: 4.382 Thread 0x0000023fc6948ea0 Thread added: 0x0000023fc6948ea0
Event: 4.754 Thread 0x0000023fc6152ee0 Thread added: 0x0000023fc6152ee0
Event: 4.826 Thread 0x0000023fc6152ee0 Thread exited: 0x0000023fc6152ee0
Event: 4.980 Thread 0x0000023fc624b980 Thread exited: 0x0000023fc624b980
Event: 5.935 Thread 0x0000023fc6948ea0 Thread exited: 0x0000023fc6948ea0
Event: 6.942 Thread 0x0000023fc7445800 Thread added: 0x0000023fc7445800
Event: 7.530 Thread 0x0000023fc7445800 Thread exited: 0x0000023fc7445800
Event: 7.658 Thread 0x0000023fc7351c20 Thread added: 0x0000023fc7351c20


Dynamic libraries:
0x00007ff71ea70000 - 0x00007ff71ea80000 	C:\Program Files\Java\jdk-21\bin\java.exe
0x00007ff9f3220000 - 0x00007ff9f3488000 	C:\windows\SYSTEM32\ntdll.dll
0x00007ff9f13f0000 - 0x00007ff9f14b9000 	C:\windows\System32\KERNEL32.DLL
0x00007ff9f04f0000 - 0x00007ff9f08dd000 	C:\windows\System32\KERNELBASE.dll
0x00007ff9f0d40000 - 0x00007ff9f0e8b000 	C:\windows\System32\ucrtbase.dll
0x00007ff9dfe00000 - 0x00007ff9dfe19000 	C:\Program Files\Java\jdk-21\bin\jli.dll
0x00007ff9dde70000 - 0x00007ff9dde8b000 	C:\Program Files\Java\jdk-21\bin\VCRUNTIME140.dll
0x00007ff9f1e20000 - 0x00007ff9f1ed4000 	C:\windows\System32\ADVAPI32.dll
0x00007ff9f1150000 - 0x00007ff9f11f9000 	C:\windows\System32\msvcrt.dll
0x00007ff9f2140000 - 0x00007ff9f21e6000 	C:\windows\System32\sechost.dll
0x00007ff9f1970000 - 0x00007ff9f1a88000 	C:\windows\System32\RPCRT4.dll
0x00007ff9f16c0000 - 0x00007ff9f188c000 	C:\windows\System32\USER32.dll
0x00007ff9ceb80000 - 0x00007ff9cee1a000 	C:\windows\WinSxS\amd64_microsoft.windows.common-controls_6595b64144ccf1df_6.0.26100.4484_none_3e0e6d4ce32ef3b3\COMCTL32.dll
0x00007ff9f1890000 - 0x00007ff9f18bb000 	C:\windows\System32\GDI32.dll
0x00007ff9f0ba0000 - 0x00007ff9f0bc7000 	C:\windows\System32\win32u.dll
0x00007ff9f08e0000 - 0x00007ff9f0a17000 	C:\windows\System32\gdi32full.dll
0x00007ff9f0c90000 - 0x00007ff9f0d33000 	C:\windows\System32\msvcp_win.dll
0x00007ff9ddc10000 - 0x00007ff9ddc1b000 	C:\windows\SYSTEM32\VERSION.dll
0x00007ff9f18c0000 - 0x00007ff9f18ef000 	C:\windows\System32\IMM32.DLL
0x00007ff9ea430000 - 0x00007ff9ea43c000 	C:\Program Files\Java\jdk-21\bin\vcruntime140_1.dll
0x00007ff9d4430000 - 0x00007ff9d44be000 	C:\Program Files\Java\jdk-21\bin\msvcp140.dll
0x00007ff980d70000 - 0x00007ff981a8d000 	C:\Program Files\Java\jdk-21\bin\server\jvm.dll
0x00007ff9f0fc0000 - 0x00007ff9f1034000 	C:\windows\System32\WS2_32.dll
0x00007ff9f01c0000 - 0x00007ff9f021e000 	C:\windows\SYSTEM32\POWRPROF.dll
0x00007ff9e7cb0000 - 0x00007ff9e7ce5000 	C:\windows\SYSTEM32\WINMM.dll
0x00007ff9f01a0000 - 0x00007ff9f01b4000 	C:\windows\SYSTEM32\UMPDC.dll
0x00007ff9ef0e0000 - 0x00007ff9ef0fb000 	C:\windows\SYSTEM32\kernel.appcore.dll
0x00007ff9e83d0000 - 0x00007ff9e83da000 	C:\Program Files\Java\jdk-21\bin\jimage.dll
0x00007ff9eda80000 - 0x00007ff9edcc1000 	C:\windows\SYSTEM32\DBGHELP.DLL
0x00007ff9f1a90000 - 0x00007ff9f1e16000 	C:\windows\System32\combase.dll
0x00007ff9f21f0000 - 0x00007ff9f22d0000 	C:\windows\System32\OLEAUT32.dll
0x00007ff9cd6e0000 - 0x00007ff9cd723000 	C:\windows\SYSTEM32\dbgcore.DLL
0x00007ff9f0f20000 - 0x00007ff9f0fb9000 	C:\windows\System32\bcryptPrimitives.dll
0x00007ff9dde40000 - 0x00007ff9dde4f000 	C:\Program Files\Java\jdk-21\bin\instrument.dll
0x00007ff9db530000 - 0x00007ff9db54f000 	C:\Program Files\Java\jdk-21\bin\java.dll
0x00007ff9f23e0000 - 0x00007ff9f2b2a000 	C:\windows\System32\SHELL32.dll
0x00007ff9f0370000 - 0x00007ff9f04e4000 	C:\windows\System32\wintypes.dll
0x00007ff9edf70000 - 0x00007ff9ee7cb000 	C:\windows\SYSTEM32\windows.storage.dll
0x00007ff9f22e0000 - 0x00007ff9f23d5000 	C:\windows\System32\SHCORE.dll
0x00007ff9f1900000 - 0x00007ff9f196a000 	C:\windows\System32\shlwapi.dll
0x00007ff9f0280000 - 0x00007ff9f02af000 	C:\windows\SYSTEM32\profapi.dll
0x00007ff9c64a0000 - 0x00007ff9c6577000 	C:\Program Files\Java\jdk-21\bin\jsvml.dll
0x00007ff9db400000 - 0x00007ff9db418000 	C:\Program Files\Java\jdk-21\bin\zip.dll
0x00007ff9dce70000 - 0x00007ff9dce80000 	C:\Program Files\Java\jdk-21\bin\net.dll
0x00007ff9df920000 - 0x00007ff9dfa3e000 	C:\windows\SYSTEM32\WINHTTP.dll
0x00007ff9ef650000 - 0x00007ff9ef6ba000 	C:\windows\system32\mswsock.dll
0x00007ff9db480000 - 0x00007ff9db496000 	C:\Program Files\Java\jdk-21\bin\nio.dll
0x00007ff9dce50000 - 0x00007ff9dce59000 	C:\Program Files\Java\jdk-21\bin\extnet.dll
0x00007ff9dbfd0000 - 0x00007ff9dbfde000 	C:\Program Files\Java\jdk-21\bin\sunmscapi.dll
0x00007ff9f0a20000 - 0x00007ff9f0b97000 	C:\windows\System32\CRYPT32.dll
0x00007ff9efb70000 - 0x00007ff9efba0000 	C:\windows\SYSTEM32\ncrypt.dll
0x00007ff9efb20000 - 0x00007ff9efb5f000 	C:\windows\SYSTEM32\NTASN1.dll

dbghelp: loaded successfully - version: 4.0.5 - missing functions: none
symbol engine: initialized successfully - sym options: 0x614 - pdb path: .;C:\Program Files\Java\jdk-21\bin;C:\windows\SYSTEM32;C:\windows\WinSxS\amd64_microsoft.windows.common-controls_6595b64144ccf1df_6.0.26100.4484_none_3e0e6d4ce32ef3b3;C:\Program Files\Java\jdk-21\bin\server

VM Arguments:
jvm_args: -javaagent:C:\Program Files\JetBrains\IntelliJ IDEA Community Edition 2025.2.4\lib\idea_rt.jar=54633 -Dfile.encoding=UTF-8 -Dsun.stdout.encoding=UTF-8 -Dsun.stderr.encoding=UTF-8 
java_command: com.stocksync.backend.BackendApplication
java_class_path (initial): C:\Users\nicol\Downloads\StockSync-Dev-Backend (2)\StockSync-Dev-Backend\app\backend\target\classes;C:\Users\nicol\.m2\repository\org\springframework\boot\spring-boot-starter-data-jpa\3.5.4\spring-boot-starter-data-jpa-3.5.4.jar;C:\Users\nicol\.m2\repository\org\springframework\boot\spring-boot-starter\3.5.4\spring-boot-starter-3.5.4.jar;C:\Users\nicol\.m2\repository\org\springframework\boot\spring-boot\3.5.4\spring-boot-3.5.4.jar;C:\Users\nicol\.m2\repository\org\springframework\boot\spring-boot-autoconfigure\3.5.4\spring-boot-autoconfigure-3.5.4.jar;C:\Users\nicol\.m2\repository\org\springframework\boot\spring-boot-starter-logging\3.5.4\spring-boot-starter-logging-3.5.4.jar;C:\Users\nicol\.m2\repository\ch\qos\logback\logback-classic\1.5.18\logback-classic-1.5.18.jar;C:\Users\nicol\.m2\repository\ch\qos\logback\logback-core\1.5.18\logback-core-1.5.18.jar;C:\Users\nicol\.m2\repository\org\apache\logging\log4j\log4j-to-slf4j\2.24.3\log4j-to-slf4j-2.24.3.jar;C:\Users\nicol\.m2\repository\org\apache\logging\log4j\log4j-api\2.24.3\log4j-api-2.24.3.jar;C:\Users\nicol\.m2\repository\org\slf4j\jul-to-slf4j\2.0.17\jul-to-slf4j-2.0.17.jar;C:\Users\nicol\.m2\repository\jakarta\annotation\jakarta.annotation-api\2.1.1\jakarta.annotation-api-2.1.1.jar;C:\Users\nicol\.m2\repository\org\yaml\snakeyaml\2.4\snakeyaml-2.4.jar;C:\Users\nicol\.m2\repository\org\springframework\boot\spring-boot-starter-jdbc\3.5.4\spring-boot-starter-jdbc-3.5.4.jar;C:\Users\nicol\.m2\repository\com\zaxxer\HikariCP\6.3.1\HikariCP-6.3.1.jar;C:\Users\nicol\.m2\repository\org\springframework\spring-jdbc\6.2.9\spring-jdbc-6.2.9.jar;C:\Users\nicol\.m2\repository\org\hibernate\orm\hibernate-core\6.6.22.Final\hibernate-core-6.6.22.Final.jar;C:\Users\nicol\.m2\repository\jakarta\persistence\jakarta.persistence-api\3.1.0\jakarta.persistence-api-3.1.0.jar;C:\Users\nicol\.m2\repository\jakarta\transaction\jakarta.transaction-api\2.0.1\jakarta.transaction-api-2.0.1.jar;C:\Users\nicol\.m2\repository\org\jboss\logging\jboss-logging\3.6.1.Final\jboss-logging-3.6.1.Final.jar;C:\Users\nicol\.m2\repository\org\hibernate\common\hibernate-commons-annotations\7.0.3.Final\hibernate-commons-annotations-7.0.3.Final.jar;C:\Users\nicol\.m2\repository\io\smallrye\jandex\3.2.0\jandex-3.2.0.jar;C:\Users\nicol\.m2\repository\com\fasterxml\classmate\1.7.0\classmate-1.7.0.jar;C:\Users\nicol\.m2\repository\net\bytebuddy\byte-buddy\1.17.6\byte-buddy-1.17.6.jar;C:\Users\nicol\.m2\repository\org\glassfish\jaxb\jaxb-runtime\4.0.5\jaxb-runtime-4.0.5.jar;C:\Users\nicol\.m2\repository\org\glassfish\jaxb\jaxb-core\4.0.5\jaxb-core-4.0.5.jar;C:\Users\nicol\.m2\repository\org\eclipse\angus\angus-activation\2.0.2\angus-activation-2.0.2.jar;C:\Users\nicol\.m2\repository\org\glassfish\jaxb\txw2\4.0.5\txw2-4.0.5.jar;C:\Users\nicol\.m2\repository\com\sun\istack\istack-commons-runtime\4.1.2\istack-commons-runtime-4.1.2.jar;C:\Users\nicol\.m2\repository\jakarta\inject\jakarta.inject-api\2.0.1\jakarta.inject-api-2.0.1.jar;C:\Users\nicol\.m2\repository\org\antlr\antlr4-runtime\4.13.0\antlr4-runtime-4.13.0.jar;C:\Users\nicol\.m2\repository\org\springframework\data\spring-data-jpa\3.5.2\spring-data-jpa-3.5.2.jar;C:\Users\nicol\.m2\repository\org\springframework\data\spring-data-commons\3.5.2\spring-data-commons-3.5.2.jar;C:\Users\nicol\.m2\repository\org\springframework\spring-orm\6.2.9\spring-orm-6.2.9.jar;C:\Users\nicol\.m2\repository\org\springframework\spring-context\6.2.9\spring-context-6.2.9.jar;C:\Users\nicol\.m2\repository\org\springframework\spring-tx\6.2.9\spring-tx-6.2.9.jar;C:\Users\nicol\.m2\repository\org\springframework\spring-beans\6.2.9\spring-beans-6.2.9.jar;C:\Users\nicol\.m2\repository\org\slf4j\slf4j-api\2.0.17\slf4j-api-2.0.17.jar;C:\Users\nicol\.m2\repository\org\springframework\spring-aspects\6.2.9\spring-aspects-6.2.9.jar;C:\Users\nicol\.m2\repository\org\aspectj\aspectjweaver\1.9.24\aspectjweaver-1.9.24.jar;C:\Users\nicol\.m2\repository\org\springframework\boot\spring-boot-starter-security\3.5.4\spring-boot-starter-security-3.5.4.jar;C:\Users\nicol\.m2\repository\org\springframework\spring-aop\6.2.9\spring-aop-6.2.9.jar;C:\Users\nicol\.m2\repository\org\springframework\security\spring-security-config\6.5.2\spring-security-config-6.5.2.jar;C:\Users\nicol\.m2\repository\org\springframework\security\spring-security-web\6.5.2\spring-security-web-6.5.2.jar;C:\Users\nicol\.m2\repository\org\springframework\spring-expression\6.2.9\spring-expression-6.2.9.jar;C:\Users\nicol\.m2\repository\org\springframework\boot\spring-boot-starter-validation\3.5.4\spring-boot-starter-validation-3.5.4.jar;C:\Users\nicol\.m2\repository\org\apache\tomcat\embed\tomcat-embed-el\10.1.43\tomcat-embed-el-10.1.43.jar;C:\Users\nicol\.m2\repository\org\hibernate\validator\hibernate-validator\8.0.2.Final\hibernate-validator-8.0.2.Final.jar;C:\Users\nicol\.m2\repository\jakarta\validation\jakarta.validation-api\3.0.2\jakarta.validation-api-3.0.2.jar;C:\Users\nicol\.m2\repository\org\springframework\boot\spring-boot-starter-web\3.5.4\spring-boot-starter-web-3.5.4.jar;C:\Users\nicol\.m2\repository\org\springframework\boot\spring-boot-starter-json\3.5.4\spring-boot-starter-json-3.5.4.jar;C:\Users\nicol\.m2\repository\com\fasterxml\jackson\datatype\jackson-datatype-jdk8\2.19.2\jackson-datatype-jdk8-2.19.2.jar;C:\Users\nicol\.m2\repository\com\fasterxml\jackson\module\jackson-module-parameter-names\2.19.2\jackson-module-parameter-names-2.19.2.jar;C:\Users\nicol\.m2\repository\org\springframework\boot\spring-boot-starter-tomcat\3.5.4\spring-boot-starter-tomcat-3.5.4.jar;C:\Users\nicol\.m2\repository\org\apache\tomcat\embed\tomcat-embed-core\10.1.43\tomcat-embed-core-10.1.43.jar;C:\Users\nicol\.m2\repository\org\apache\tomcat\embed\tomcat-embed-websocket\10.1.43\tomcat-embed-websocket-10.1.43.jar;C:\Users\nicol\.m2\repository\org\springframework\spring-web\6.2.9\spring-web-6.2.9.jar;C:\Users\nicol\.m2\repository\io\micrometer\micrometer-observation\1.15.2\micrometer-observation-1.15.2.jar;C:\Users\nicol\.m2\repository\io\micrometer\micrometer-commons\1.15.2\micrometer-commons-1.15.2.jar;C:\Users\nicol\.m2\repository\org\springframework\spring-webmvc\6.2.9\spring-webmvc-6.2.9.jar;C:\Users\nicol\.m2\repository\org\flywaydb\flyway-core\11.7.2\flyway-core-11.7.2.jar;C:\Users\nicol\.m2\repository\com\fasterxml\jackson\dataformat\jackson-dataformat-toml\2.19.2\jackson-dataformat-toml-2.19.2.jar;C:\Users\nicol\.m2\repository\com\fasterxml\jackson\core\jackson-core\2.19.2\jackson-core-2.19.2.jar;C:\Users\nicol\.m2\repository\com\fasterxml\jackson\datatype\jackson-datatype-jsr310\2.19.2\jackson-datatype-jsr310-2.19.2.jar;C:\Users\nicol\.m2\repository\com\fasterxml\jackson\core\jackson-annotations\2.19.2\jackson-annotations-2.19.2.jar;C:\Users\nicol\.m2\repository\org\flywaydb\flyway-database-postgresql\11.7.2\flyway-database-postgresql-11.7.2.jar;C:\Users\nicol\.m2\repository\org\postgresql\postgresql\42.7.7\postgresql-42.7.7.jar;C:\Users\nicol\.m2\repository\org\checkerframework\checker-qual\3.49.3\checker-qual-3.49.3.jar;C:\Users\nicol\.m2\repository\org\projectlombok\lombok\1.18.38\lombok-1.18.38.jar;C:\Users\nicol\.m2\repository\org\springdoc\springdoc-openapi-starter-webmvc-ui\2.8.13\springdoc-openapi-starter-webmvc-ui-2.8.13.jar;C:\Users\nicol\.m2\repository\org\springdoc\springdoc-openapi-starter-webmvc-api\2.8.13\springdoc-openapi-starter-webmvc-api-2.8.13.jar;C:\Users\nicol\.m2\repository\org\springdoc\springdoc-openapi-starter-common\2.8.13\springdoc-openapi-starter-common-2.8.13.jar;C:\Users\nicol\.m2\repository\io\swagger\core\v3\swagger-core-jakarta\2.2.36\swagger-core-jakarta-2.2.36.jar;C:\Users\nicol\.m2\repository\org\apache\commons\commons-lang3\3.17.0\commons-lang3-3.17.0.jar;C:\Users\nicol\.m2\repository\io\swagger\core\v3\swagger-annotations-jakarta\2.2.36\swagger-annotations-jakarta-2.2.36.jar;C:\Users\nicol\.m2\repository\io\swagger\core\v3\swagger-models-jakarta\2.2.36\swagger-models-jakarta-2.2.36.jar;C:\Users\nicol\.m2\repository\com\fasterxml\jackson\dataformat\jackson-dataformat-yaml\2.19.2\jackson-dataformat-yaml-2.19.2.jar;C:\Users\nicol\.m2\repository\org\webjars\swagger-ui\5.28.1\swagger-ui-5.28.1.jar;C:\Users\nicol\.m2\repository\org\webjars\webjars-locator-lite\1.1.0\webjars-locator-lite-1.1.0.jar;C:\Users\nicol\.m2\repository\org\jspecify\jspecify\1.0.0\jspecify-1.0.0.jar;C:\Users\nicol\.m2\repository\com\auth0\java-jwt\4.4.0\java-jwt-4.4.0.jar;C:\Users\nicol\.m2\repository\com\fasterxml\jackson\core\jackson-databind\2.19.2\jackson-databind-2.19.2.jar;C:\Users\nicol\.m2\repository\jakarta\xml\bind\jakarta.xml.bind-api\4.0.2\jakarta.xml.bind-api-4.0.2.jar;C:\Users\nicol\.m2\repository\jakarta\activation\jakarta.activation-api\2.1.3\jakarta.activation-api-2.1.3.jar;C:\Users\nicol\.m2\repository\org\springframework\spring-core\6.2.9\spring-core-6.2.9.jar;C:\Users\nicol\.m2\repository\org\springframework\spring-jcl\6.2.9\spring-jcl-6.2.9.jar;C:\Users\nicol\.m2\repository\org\springframework\security\spring-security-core\6.5.2\spring-security-core-6.5.2.jar;C:\Users\nicol\.m2\repository\org\springframework\security\spring-security-crypto\6.5.2\spring-security-crypto-6.5.2.jar
Launcher Type: SUN_STANDARD

[Global flags]
     intx CICompilerCount                          = 4                                         {product} {ergonomic}
     uint ConcGCThreads                            = 2                                         {product} {ergonomic}
     uint G1ConcRefinementThreads                  = 8                                         {product} {ergonomic}
   size_t G1HeapRegionSize                         = 1048576                                   {product} {ergonomic}
    uintx GCDrainStackTargetSize                   = 64                                        {product} {ergonomic}
   size_t InitialHeapSize                          = 130023424                                 {product} {ergonomic}
   size_t MarkStackSize                            = 4194304                                   {product} {ergonomic}
   size_t MaxHeapSize                              = 2067791872                                {product} {ergonomic}
   size_t MaxNewSize                               = 1240465408                                {product} {ergonomic}
   size_t MinHeapDeltaBytes                        = 1048576                                   {product} {ergonomic}
   size_t MinHeapSize                              = 8388608                                   {product} {ergonomic}
    uintx NonNMethodCodeHeapSize                   = 5839372                                {pd product} {ergonomic}
    uintx NonProfiledCodeHeapSize                  = 122909434                              {pd product} {ergonomic}
    uintx ProfiledCodeHeapSize                     = 122909434                              {pd product} {ergonomic}
    uintx ReservedCodeCacheSize                    = 251658240                              {pd product} {ergonomic}
     bool SegmentedCodeCache                       = true                                      {product} {ergonomic}
   size_t SoftMaxHeapSize                          = 2067791872                             {manageable} {ergonomic}
     bool UseCompressedOops                        = true                           {product lp64_product} {ergonomic}
     bool UseG1GC                                  = true                                      {product} {ergonomic}
     bool UseLargePagesIndividualAllocation        = false                                  {pd product} {ergonomic}

Logging:
Log output configuration:
 #0: stdout all=warning uptime,level,tags foldmultilines=false
 #1: stderr all=off uptime,level,tags foldmultilines=false

Environment Variables:
PATH=C:\Program Files\Common Files\Oracle\Java\javapath;C:\windows\system32;C:\windows;C:\windows\System32\Wbem;C:\windows\System32\WindowsPowerShell\v1.0\;C:\windows\System32\OpenSSH\;C:\Program Files\nodejs\;C:\Program Files\Git\cmd;C:\Users\nicol\AppData\Local\Microsoft\WindowsApps;C:\Users\nicol\AppData\Local\Programs\Microsoft VS Code\bin;C:\Users\nicol\AppData\Roaming\npm
USERNAME=nicol
OS=Windows_NT
PROCESSOR_IDENTIFIER=Intel64 Family 6 Model 186 Stepping 3, GenuineIntel
TMP=C:\Users\nicol\AppData\Local\Temp
TEMP=C:\Users\nicol\AppData\Local\Temp




Periodic native trim disabled

---------------  S Y S T E M  ---------------

OS:
 Windows 11 , 64 bit Build 26100 (10.0.26100.4484)
OS uptime: 95 days 7:14 hours
Hyper-V role detected

CPU: total 8 (initial active 8) (4 cores per cpu, 2 threads per core) family 6 model 186 stepping 3 microcode 0x4128, cx8, cmov, fxsr, ht, mmx, 3dnowpref, sse, sse2, sse3, ssse3, sse4.1, sse4.2, popcnt, lzcnt, tsc, tscinvbit, avx, avx2, aes, erms, clmul, bmi1, bmi2, adx, sha, fma, vzeroupper, clflush, clflushopt, clwb, hv, serialize, rdtscp, rdpid, fsrm, f16c, cet_ibt, cet_ss
Processor Information for all 8 processors :
  Max Mhz: 1200, Current Mhz: 1200, Mhz Limit: 1200

Memory: 4k page, system-wide physical 7883M (584M free)
TotalPageFile size 32459M (AvailPageFile size 64M)
current process WorkingSet (physical memory assigned to process): 177M, peak: 182M
current process commit charge ("private bytes"): 222M, peak: 258M

vm_info: Java HotSpot(TM) 64-Bit Server VM (21.0.9+7-LTS-338) for windows-amd64 JRE (21.0.9+7-LTS-338), built on 2025-09-26T06:33:49Z by "mach5run" with MS VC++ 17.6 (VS2022)

END.
